Benchmarking parser-only and full syntaxcheck on real-world directories.
Note: there is no --validate-only mode yet, so validator cost is approximated by comparing parse-only with syntaxcheck.

==> test_semantic/e1ap_rel18.4_specs
Benchmark 1: /Users/runner/work/lunjobenchmark/lunjobenchmark/zig-out/bin/voltcc --parse-only --no-warnings --dir test_semantic/e1ap_rel18.4_specs >/dev/null 2>&1
  Time (mean ± σ):      11.2 ms ±   1.1 ms    [User: 8.0 ms, System: 2.0 ms]
  Range (min … max):     9.4 ms …  12.4 ms    5 runs
 
Benchmark 2: /Users/runner/work/lunjobenchmark/lunjobenchmark/zig-out/bin/voltcc --syntaxcheck --no-warnings --dir test_semantic/e1ap_rel18.4_specs >/dev/null 2>&1
  Time (mean ± σ):      20.8 ms ±   2.3 ms    [User: 15.6 ms, System: 4.3 ms]
  Range (min … max):    18.0 ms …  23.1 ms    5 runs
 
Summary
  /Users/runner/work/lunjobenchmark/lunjobenchmark/zig-out/bin/voltcc --parse-only --no-warnings --dir test_semantic/e1ap_rel18.4_specs >/dev/null 2>&1 ran
    1.86 ± 0.28 times faster than /Users/runner/work/lunjobenchmark/lunjobenchmark/zig-out/bin/voltcc --syntaxcheck --no-warnings --dir test_semantic/e1ap_rel18.4_specs >/dev/null 2>&1

==> test_semantic/f1ap_rel18.6_specs
Benchmark 1: /Users/runner/work/lunjobenchmark/lunjobenchmark/zig-out/bin/voltcc --parse-only --no-warnings --dir test_semantic/f1ap_rel18.6_specs >/dev/null 2>&1
  Time (mean ± σ):      25.3 ms ±   1.6 ms    [User: 20.9 ms, System: 3.5 ms]
  Range (min … max):    23.6 ms …  27.6 ms    5 runs
 
Benchmark 2: /Users/runner/work/lunjobenchmark/lunjobenchmark/zig-out/bin/voltcc --syntaxcheck --no-warnings --dir test_semantic/f1ap_rel18.6_specs >/dev/null 2>&1
  Time (mean ± σ):      67.9 ms ±   1.0 ms    [User: 53.7 ms, System: 13.1 ms]
  Range (min … max):    67.0 ms …  69.5 ms    5 runs
 
Summary
  /Users/runner/work/lunjobenchmark/lunjobenchmark/zig-out/bin/voltcc --parse-only --no-warnings --dir test_semantic/f1ap_rel18.6_specs >/dev/null 2>&1 ran
    2.69 ± 0.17 times faster than /Users/runner/work/lunjobenchmark/lunjobenchmark/zig-out/bin/voltcc --syntaxcheck --no-warnings --dir test_semantic/f1ap_rel18.6_specs >/dev/null 2>&1

==> test_semantic/ngap_rel18.6_specs
Benchmark 1: /Users/runner/work/lunjobenchmark/lunjobenchmark/zig-out/bin/voltcc --parse-only --no-warnings --dir test_semantic/ngap_rel18.6_specs >/dev/null 2>&1
  Time (mean ± σ):      16.4 ms ±   0.2 ms    [User: 14.7 ms, System: 2.6 ms]
  Range (min … max):    16.1 ms …  16.8 ms    5 runs
 
Benchmark 2: /Users/runner/work/lunjobenchmark/lunjobenchmark/zig-out/bin/voltcc --syntaxcheck --no-warnings --dir test_semantic/ngap_rel18.6_specs >/dev/null 2>&1
  Time (mean ± σ):      45.9 ms ±   1.1 ms    [User: 36.5 ms, System: 9.7 ms]
  Range (min … max):    45.1 ms …  47.7 ms    5 runs
 
Summary
  /Users/runner/work/lunjobenchmark/lunjobenchmark/zig-out/bin/voltcc --parse-only --no-warnings --dir test_semantic/ngap_rel18.6_specs >/dev/null 2>&1 ran
    2.79 ± 0.08 times faster than /Users/runner/work/lunjobenchmark/lunjobenchmark/zig-out/bin/voltcc --syntaxcheck --no-warnings --dir test_semantic/ngap_rel18.6_specs >/dev/null 2>&1

==> test_semantic/lteNRRCC
Benchmark 1: /Users/runner/work/lunjobenchmark/lunjobenchmark/zig-out/bin/voltcc --parse-only --no-warnings --dir test_semantic/lteNRRCC >/dev/null 2>&1
  Time (mean ± σ):      59.4 ms ±   1.3 ms    [User: 52.5 ms, System: 6.4 ms]
  Range (min … max):    58.4 ms …  61.7 ms    5 runs
 
Benchmark 2: /Users/runner/work/lunjobenchmark/lunjobenchmark/zig-out/bin/voltcc --syntaxcheck --no-warnings --dir test_semantic/lteNRRCC >/dev/null 2>&1
  Time (mean ± σ):      79.3 ms ±   1.3 ms    [User: 67.3 ms, System: 9.2 ms]
  Range (min … max):    77.5 ms …  80.6 ms    5 runs
 
Summary
  /Users/runner/work/lunjobenchmark/lunjobenchmark/zig-out/bin/voltcc --parse-only --no-warnings --dir test_semantic/lteNRRCC >/dev/null 2>&1 ran
    1.33 ± 0.04 times faster than /Users/runner/work/lunjobenchmark/lunjobenchmark/zig-out/bin/voltcc --syntaxcheck --no-warnings --dir test_semantic/lteNRRCC >/dev/null 2>&1

