Benchmarking parser-only and full syntaxcheck on real-world directories.
Note: there is no --validate-only mode yet, so validator cost is approximated by comparing parse-only with syntaxcheck.

==> test_semantic/e1ap_rel18.4_specs
Benchmark 1: D:/a/lunjobenchmark/lunjobenchmark/zig-out/bin/voltcc.exe --parse-only --no-warnings --dir D:/a/lunjobenchmark/lunjobenchmark/test_semantic/e1ap_rel18.4_specs
  Time (mean ± σ):      17.3 ms ±   0.1 ms    [User: 9.4 ms, System: 3.1 ms]
  Range (min … max):    17.2 ms …  17.5 ms    5 runs
 
Benchmark 2: D:/a/lunjobenchmark/lunjobenchmark/zig-out/bin/voltcc.exe --syntaxcheck --no-warnings --dir D:/a/lunjobenchmark/lunjobenchmark/test_semantic/e1ap_rel18.4_specs
  Time (mean ± σ):      38.7 ms ±   0.2 ms    [User: 28.1 ms, System: 6.2 ms]
  Range (min … max):    38.4 ms …  38.9 ms    5 runs
 
Summary
  D:/a/lunjobenchmark/lunjobenchmark/zig-out/bin/voltcc.exe --parse-only --no-warnings --dir D:/a/lunjobenchmark/lunjobenchmark/test_semantic/e1ap_rel18.4_specs ran
    2.23 ± 0.02 times faster than D:/a/lunjobenchmark/lunjobenchmark/zig-out/bin/voltcc.exe --syntaxcheck --no-warnings --dir D:/a/lunjobenchmark/lunjobenchmark/test_semantic/e1ap_rel18.4_specs

==> test_semantic/f1ap_rel18.6_specs
Benchmark 1: D:/a/lunjobenchmark/lunjobenchmark/zig-out/bin/voltcc.exe --parse-only --no-warnings --dir D:/a/lunjobenchmark/lunjobenchmark/test_semantic/f1ap_rel18.6_specs
  Time (mean ± σ):      42.7 ms ±   0.6 ms    [User: 34.4 ms, System: 9.4 ms]
  Range (min … max):    42.2 ms …  43.7 ms    5 runs
 
Benchmark 2: D:/a/lunjobenchmark/lunjobenchmark/zig-out/bin/voltcc.exe --syntaxcheck --no-warnings --dir D:/a/lunjobenchmark/lunjobenchmark/test_semantic/f1ap_rel18.6_specs
  Time (mean ± σ):     109.6 ms ±   1.0 ms    [User: 90.6 ms, System: 18.8 ms]
  Range (min … max):   107.8 ms … 110.4 ms    5 runs
 
Summary
  D:/a/lunjobenchmark/lunjobenchmark/zig-out/bin/voltcc.exe --parse-only --no-warnings --dir D:/a/lunjobenchmark/lunjobenchmark/test_semantic/f1ap_rel18.6_specs ran
    2.57 ± 0.04 times faster than D:/a/lunjobenchmark/lunjobenchmark/zig-out/bin/voltcc.exe --syntaxcheck --no-warnings --dir D:/a/lunjobenchmark/lunjobenchmark/test_semantic/f1ap_rel18.6_specs

==> test_semantic/ngap_rel18.6_specs
Benchmark 1: D:/a/lunjobenchmark/lunjobenchmark/zig-out/bin/voltcc.exe --parse-only --no-warnings --dir D:/a/lunjobenchmark/lunjobenchmark/test_semantic/ngap_rel18.6_specs
  Time (mean ± σ):      30.5 ms ±   0.2 ms    [User: 28.1 ms, System: 3.1 ms]
  Range (min … max):    30.2 ms …  30.8 ms    5 runs
 
Benchmark 2: D:/a/lunjobenchmark/lunjobenchmark/zig-out/bin/voltcc.exe --syntaxcheck --no-warnings --dir D:/a/lunjobenchmark/lunjobenchmark/test_semantic/ngap_rel18.6_specs
  Time (mean ± σ):      76.3 ms ±   1.8 ms    [User: 56.2 ms, System: 15.6 ms]
  Range (min … max):    73.2 ms …  78.0 ms    5 runs
 
Summary
  D:/a/lunjobenchmark/lunjobenchmark/zig-out/bin/voltcc.exe --parse-only --no-warnings --dir D:/a/lunjobenchmark/lunjobenchmark/test_semantic/ngap_rel18.6_specs ran
    2.50 ± 0.06 times faster than D:/a/lunjobenchmark/lunjobenchmark/zig-out/bin/voltcc.exe --syntaxcheck --no-warnings --dir D:/a/lunjobenchmark/lunjobenchmark/test_semantic/ngap_rel18.6_specs

==> test_semantic/lteNRRCC
Benchmark 1: D:/a/lunjobenchmark/lunjobenchmark/zig-out/bin/voltcc.exe --parse-only --no-warnings --dir D:/a/lunjobenchmark/lunjobenchmark/test_semantic/lteNRRCC
  Time (mean ± σ):     103.0 ms ±   1.3 ms    [User: 96.9 ms, System: 3.1 ms]
  Range (min … max):   101.6 ms … 105.2 ms    5 runs
 
Benchmark 2: D:/a/lunjobenchmark/lunjobenchmark/zig-out/bin/voltcc.exe --syntaxcheck --no-warnings --dir D:/a/lunjobenchmark/lunjobenchmark/test_semantic/lteNRRCC
  Time (mean ± σ):     126.9 ms ±   0.6 ms    [User: 118.8 ms, System: 6.2 ms]
  Range (min … max):   126.0 ms … 127.6 ms    5 runs
 
Summary
  D:/a/lunjobenchmark/lunjobenchmark/zig-out/bin/voltcc.exe --parse-only --no-warnings --dir D:/a/lunjobenchmark/lunjobenchmark/test_semantic/lteNRRCC ran
    1.23 ± 0.02 times faster than D:/a/lunjobenchmark/lunjobenchmark/zig-out/bin/voltcc.exe --syntaxcheck --no-warnings --dir D:/a/lunjobenchmark/lunjobenchmark/test_semantic/lteNRRCC

