Benchmarking parser-only and full syntaxcheck on real-world directories.
Note: there is no --validate-only mode yet, so validator cost is approximated by comparing parse-only with syntaxcheck.

==> test_semantic/e1ap_rel18.4_specs
Benchmark 1: /home/runner/work/lunjobenchmark/lunjobenchmark/zig-out/bin/voltcc --parse-only --no-warnings --dir test_semantic/e1ap_rel18.4_specs >/dev/null 2>&1
  Time (mean ± σ):      17.1 ms ±   0.3 ms    [User: 13.0 ms, System: 4.1 ms]
  Range (min … max):    16.6 ms …  17.4 ms    5 runs
 
Benchmark 2: /home/runner/work/lunjobenchmark/lunjobenchmark/zig-out/bin/voltcc --syntaxcheck --no-warnings --dir test_semantic/e1ap_rel18.4_specs >/dev/null 2>&1
  Time (mean ± σ):      34.0 ms ±   0.7 ms    [User: 26.4 ms, System: 7.5 ms]
  Range (min … max):    33.3 ms …  35.1 ms    5 runs
 
Summary
  /home/runner/work/lunjobenchmark/lunjobenchmark/zig-out/bin/voltcc --parse-only --no-warnings --dir test_semantic/e1ap_rel18.4_specs >/dev/null 2>&1 ran
    1.99 ± 0.06 times faster than /home/runner/work/lunjobenchmark/lunjobenchmark/zig-out/bin/voltcc --syntaxcheck --no-warnings --dir test_semantic/e1ap_rel18.4_specs >/dev/null 2>&1

==> test_semantic/f1ap_rel18.6_specs
Benchmark 1: /home/runner/work/lunjobenchmark/lunjobenchmark/zig-out/bin/voltcc --parse-only --no-warnings --dir test_semantic/f1ap_rel18.6_specs >/dev/null 2>&1
  Time (mean ± σ):      43.5 ms ±   0.8 ms    [User: 38.6 ms, System: 4.8 ms]
  Range (min … max):    42.3 ms …  44.3 ms    5 runs
 
Benchmark 2: /home/runner/work/lunjobenchmark/lunjobenchmark/zig-out/bin/voltcc --syntaxcheck --no-warnings --dir test_semantic/f1ap_rel18.6_specs >/dev/null 2>&1
  Time (mean ± σ):      92.3 ms ±   0.6 ms    [User: 76.2 ms, System: 16.1 ms]
  Range (min … max):    91.5 ms …  92.9 ms    5 runs
 
Summary
  /home/runner/work/lunjobenchmark/lunjobenchmark/zig-out/bin/voltcc --parse-only --no-warnings --dir test_semantic/f1ap_rel18.6_specs >/dev/null 2>&1 ran
    2.12 ± 0.04 times faster than /home/runner/work/lunjobenchmark/lunjobenchmark/zig-out/bin/voltcc --syntaxcheck --no-warnings --dir test_semantic/f1ap_rel18.6_specs >/dev/null 2>&1

==> test_semantic/ngap_rel18.6_specs
Benchmark 1: /home/runner/work/lunjobenchmark/lunjobenchmark/zig-out/bin/voltcc --parse-only --no-warnings --dir test_semantic/ngap_rel18.6_specs >/dev/null 2>&1
  Time (mean ± σ):      31.8 ms ±   0.3 ms    [User: 26.5 ms, System: 5.3 ms]
  Range (min … max):    31.3 ms …  32.0 ms    5 runs
 
Benchmark 2: /home/runner/work/lunjobenchmark/lunjobenchmark/zig-out/bin/voltcc --syntaxcheck --no-warnings --dir test_semantic/ngap_rel18.6_specs >/dev/null 2>&1
  Time (mean ± σ):      65.9 ms ±   1.3 ms    [User: 54.1 ms, System: 11.7 ms]
  Range (min … max):    64.5 ms …  67.6 ms    5 runs
 
Summary
  /home/runner/work/lunjobenchmark/lunjobenchmark/zig-out/bin/voltcc --parse-only --no-warnings --dir test_semantic/ngap_rel18.6_specs >/dev/null 2>&1 ran
    2.07 ± 0.04 times faster than /home/runner/work/lunjobenchmark/lunjobenchmark/zig-out/bin/voltcc --syntaxcheck --no-warnings --dir test_semantic/ngap_rel18.6_specs >/dev/null 2>&1

==> test_semantic/lteNRRCC
Benchmark 1: /home/runner/work/lunjobenchmark/lunjobenchmark/zig-out/bin/voltcc --parse-only --no-warnings --dir test_semantic/lteNRRCC >/dev/null 2>&1
  Time (mean ± σ):     107.7 ms ±   0.3 ms    [User: 96.4 ms, System: 11.3 ms]
  Range (min … max):   107.2 ms … 108.1 ms    5 runs
 
Benchmark 2: /home/runner/work/lunjobenchmark/lunjobenchmark/zig-out/bin/voltcc --syntaxcheck --no-warnings --dir test_semantic/lteNRRCC >/dev/null 2>&1
  Time (mean ± σ):     127.6 ms ±   0.7 ms    [User: 116.2 ms, System: 11.4 ms]
  Range (min … max):   126.7 ms … 128.7 ms    5 runs
 
Summary
  /home/runner/work/lunjobenchmark/lunjobenchmark/zig-out/bin/voltcc --parse-only --no-warnings --dir test_semantic/lteNRRCC >/dev/null 2>&1 ran
    1.19 ± 0.01 times faster than /home/runner/work/lunjobenchmark/lunjobenchmark/zig-out/bin/voltcc --syntaxcheck --no-warnings --dir test_semantic/lteNRRCC >/dev/null 2>&1

