Benchmarking parser-only and full syntaxcheck on real-world directories.
Note: there is no --validate-only mode yet, so validator cost is approximated by comparing parse-only with syntaxcheck.

==> test_semantic/e1ap_rel18.4_specs
Benchmark 1: /home/runner/work/lunjobenchmark/lunjobenchmark/zig-out/bin/voltcc --parse-only --no-warnings --dir test_semantic/e1ap_rel18.4_specs >/dev/null 2>&1
  Time (mean ± σ):      13.5 ms ±   0.3 ms    [User: 10.9 ms, System: 2.5 ms]
  Range (min … max):    13.2 ms …  13.8 ms    5 runs
 
Benchmark 2: /home/runner/work/lunjobenchmark/lunjobenchmark/zig-out/bin/voltcc --syntaxcheck --no-warnings --dir test_semantic/e1ap_rel18.4_specs >/dev/null 2>&1
  Time (mean ± σ):      34.5 ms ±   0.6 ms    [User: 23.7 ms, System: 10.8 ms]
  Range (min … max):    33.7 ms …  35.3 ms    5 runs
 
Summary
  /home/runner/work/lunjobenchmark/lunjobenchmark/zig-out/bin/voltcc --parse-only --no-warnings --dir test_semantic/e1ap_rel18.4_specs >/dev/null 2>&1 ran
    2.56 ± 0.07 times faster than /home/runner/work/lunjobenchmark/lunjobenchmark/zig-out/bin/voltcc --syntaxcheck --no-warnings --dir test_semantic/e1ap_rel18.4_specs >/dev/null 2>&1

==> test_semantic/f1ap_rel18.6_specs
Benchmark 1: /home/runner/work/lunjobenchmark/lunjobenchmark/zig-out/bin/voltcc --parse-only --no-warnings --dir test_semantic/f1ap_rel18.6_specs >/dev/null 2>&1
  Time (mean ± σ):      37.2 ms ±   0.2 ms    [User: 27.7 ms, System: 9.4 ms]
  Range (min … max):    37.0 ms …  37.5 ms    5 runs
 
Benchmark 2: /home/runner/work/lunjobenchmark/lunjobenchmark/zig-out/bin/voltcc --syntaxcheck --no-warnings --dir test_semantic/f1ap_rel18.6_specs >/dev/null 2>&1
  Time (mean ± σ):     106.9 ms ±   0.6 ms    [User: 70.3 ms, System: 36.5 ms]
  Range (min … max):   106.4 ms … 107.8 ms    5 runs
 
Summary
  /home/runner/work/lunjobenchmark/lunjobenchmark/zig-out/bin/voltcc --parse-only --no-warnings --dir test_semantic/f1ap_rel18.6_specs >/dev/null 2>&1 ran
    2.88 ± 0.02 times faster than /home/runner/work/lunjobenchmark/lunjobenchmark/zig-out/bin/voltcc --syntaxcheck --no-warnings --dir test_semantic/f1ap_rel18.6_specs >/dev/null 2>&1

==> test_semantic/ngap_rel18.6_specs
Benchmark 1: /home/runner/work/lunjobenchmark/lunjobenchmark/zig-out/bin/voltcc --parse-only --no-warnings --dir test_semantic/ngap_rel18.6_specs >/dev/null 2>&1
  Time (mean ± σ):      25.7 ms ±   0.1 ms    [User: 18.8 ms, System: 6.9 ms]
  Range (min … max):    25.6 ms …  25.8 ms    5 runs
 
Benchmark 2: /home/runner/work/lunjobenchmark/lunjobenchmark/zig-out/bin/voltcc --syntaxcheck --no-warnings --dir test_semantic/ngap_rel18.6_specs >/dev/null 2>&1
  Time (mean ± σ):      73.7 ms ±   0.9 ms    [User: 46.6 ms, System: 27.0 ms]
  Range (min … max):    72.3 ms …  74.5 ms    5 runs
 
Summary
  /home/runner/work/lunjobenchmark/lunjobenchmark/zig-out/bin/voltcc --parse-only --no-warnings --dir test_semantic/ngap_rel18.6_specs >/dev/null 2>&1 ran
    2.86 ± 0.04 times faster than /home/runner/work/lunjobenchmark/lunjobenchmark/zig-out/bin/voltcc --syntaxcheck --no-warnings --dir test_semantic/ngap_rel18.6_specs >/dev/null 2>&1

==> test_semantic/lteNRRCC
Benchmark 1: /home/runner/work/lunjobenchmark/lunjobenchmark/zig-out/bin/voltcc --parse-only --no-warnings --dir test_semantic/lteNRRCC >/dev/null 2>&1
  Time (mean ± σ):      94.4 ms ±   0.3 ms    [User: 77.5 ms, System: 16.9 ms]
  Range (min … max):    94.0 ms …  94.7 ms    5 runs
 
Benchmark 2: /home/runner/work/lunjobenchmark/lunjobenchmark/zig-out/bin/voltcc --syntaxcheck --no-warnings --dir test_semantic/lteNRRCC >/dev/null 2>&1
  Time (mean ± σ):     116.4 ms ±   1.4 ms    [User: 92.9 ms, System: 23.3 ms]
  Range (min … max):   114.9 ms … 118.6 ms    5 runs
 
Summary
  /home/runner/work/lunjobenchmark/lunjobenchmark/zig-out/bin/voltcc --parse-only --no-warnings --dir test_semantic/lteNRRCC >/dev/null 2>&1 ran
    1.23 ± 0.02 times faster than /home/runner/work/lunjobenchmark/lunjobenchmark/zig-out/bin/voltcc --syntaxcheck --no-warnings --dir test_semantic/lteNRRCC >/dev/null 2>&1

