Benchmarking parser-only and full syntaxcheck on real-world directories.
Note: there is no --validate-only mode yet, so validator cost is approximated by comparing parse-only with syntaxcheck.

==> test_semantic/e1ap_rel18.4_specs
Benchmark 1: /Users/runner/work/lunjobenchmark/lunjobenchmark/zig-out/bin/voltcc --parse-only --no-warnings --dir test_semantic/e1ap_rel18.4_specs >/dev/null 2>&1
  Time (mean ± σ):       8.9 ms ±   0.2 ms    [User: 7.4 ms, System: 1.7 ms]
  Range (min … max):     8.8 ms …   9.2 ms    5 runs
 
Benchmark 2: /Users/runner/work/lunjobenchmark/lunjobenchmark/zig-out/bin/voltcc --syntaxcheck --no-warnings --dir test_semantic/e1ap_rel18.4_specs >/dev/null 2>&1
  Time (mean ± σ):      29.3 ms ±  12.8 ms    [User: 15.8 ms, System: 5.0 ms]
  Range (min … max):    18.8 ms …  47.5 ms    5 runs
 
Summary
  /Users/runner/work/lunjobenchmark/lunjobenchmark/zig-out/bin/voltcc --parse-only --no-warnings --dir test_semantic/e1ap_rel18.4_specs >/dev/null 2>&1 ran
    3.28 ± 1.43 times faster than /Users/runner/work/lunjobenchmark/lunjobenchmark/zig-out/bin/voltcc --syntaxcheck --no-warnings --dir test_semantic/e1ap_rel18.4_specs >/dev/null 2>&1

==> test_semantic/f1ap_rel18.6_specs
Benchmark 1: /Users/runner/work/lunjobenchmark/lunjobenchmark/zig-out/bin/voltcc --parse-only --no-warnings --dir test_semantic/f1ap_rel18.6_specs >/dev/null 2>&1
  Time (mean ± σ):      14.6 ms ±   1.1 ms    [User: 19.7 ms, System: 3.1 ms]
  Range (min … max):    13.7 ms …  15.8 ms    5 runs
 
Benchmark 2: /Users/runner/work/lunjobenchmark/lunjobenchmark/zig-out/bin/voltcc --syntaxcheck --no-warnings --dir test_semantic/f1ap_rel18.6_specs >/dev/null 2>&1
  Time (mean ± σ):      69.5 ms ±  18.7 ms    [User: 52.9 ms, System: 14.3 ms]
  Range (min … max):    50.0 ms …  92.2 ms    5 runs
 
Summary
  /Users/runner/work/lunjobenchmark/lunjobenchmark/zig-out/bin/voltcc --parse-only --no-warnings --dir test_semantic/f1ap_rel18.6_specs >/dev/null 2>&1 ran
    4.76 ± 1.33 times faster than /Users/runner/work/lunjobenchmark/lunjobenchmark/zig-out/bin/voltcc --syntaxcheck --no-warnings --dir test_semantic/f1ap_rel18.6_specs >/dev/null 2>&1

==> test_semantic/ngap_rel18.6_specs
Benchmark 1: /Users/runner/work/lunjobenchmark/lunjobenchmark/zig-out/bin/voltcc --parse-only --no-warnings --dir test_semantic/ngap_rel18.6_specs >/dev/null 2>&1
  Time (mean ± σ):      17.4 ms ±   1.1 ms    [User: 13.9 ms, System: 2.5 ms]
  Range (min … max):    16.1 ms …  18.7 ms    5 runs
 
Benchmark 2: /Users/runner/work/lunjobenchmark/lunjobenchmark/zig-out/bin/voltcc --syntaxcheck --no-warnings --dir test_semantic/ngap_rel18.6_specs >/dev/null 2>&1
  Time (mean ± σ):      45.2 ms ±   5.8 ms    [User: 34.2 ms, System: 10.2 ms]
  Range (min … max):    40.3 ms …  54.6 ms    5 runs
 
Summary
  /Users/runner/work/lunjobenchmark/lunjobenchmark/zig-out/bin/voltcc --parse-only --no-warnings --dir test_semantic/ngap_rel18.6_specs >/dev/null 2>&1 ran
    2.60 ± 0.37 times faster than /Users/runner/work/lunjobenchmark/lunjobenchmark/zig-out/bin/voltcc --syntaxcheck --no-warnings --dir test_semantic/ngap_rel18.6_specs >/dev/null 2>&1

==> test_semantic/lteNRRCC
Benchmark 1: /Users/runner/work/lunjobenchmark/lunjobenchmark/zig-out/bin/voltcc --parse-only --no-warnings --dir test_semantic/lteNRRCC >/dev/null 2>&1
  Time (mean ± σ):      54.3 ms ±   1.2 ms    [User: 47.9 ms, System: 5.6 ms]
  Range (min … max):    53.0 ms …  56.2 ms    5 runs
 
Benchmark 2: /Users/runner/work/lunjobenchmark/lunjobenchmark/zig-out/bin/voltcc --syntaxcheck --no-warnings --dir test_semantic/lteNRRCC >/dev/null 2>&1
  Time (mean ± σ):      68.9 ms ±   1.3 ms    [User: 60.5 ms, System: 7.7 ms]
  Range (min … max):    67.6 ms …  71.0 ms    5 runs
 
Summary
  /Users/runner/work/lunjobenchmark/lunjobenchmark/zig-out/bin/voltcc --parse-only --no-warnings --dir test_semantic/lteNRRCC >/dev/null 2>&1 ran
    1.27 ± 0.04 times faster than /Users/runner/work/lunjobenchmark/lunjobenchmark/zig-out/bin/voltcc --syntaxcheck --no-warnings --dir test_semantic/lteNRRCC >/dev/null 2>&1

