Benchmarking parser-only and full syntaxcheck on real-world directories.
Note: there is no --validate-only mode yet, so validator cost is approximated by comparing parse-only with syntaxcheck.

==> test_semantic/e1ap_rel18.4_specs
Benchmark 1: D:/a/lunjobenchmark/lunjobenchmark/zig-out/bin/voltcc.exe --parse-only --no-warnings --dir D:/a/lunjobenchmark/lunjobenchmark/test_semantic/e1ap_rel18.4_specs
  Time (mean ± σ):      15.1 ms ±   0.1 ms    [User: 15.6 ms, System: 0.0 ms]
  Range (min … max):    15.0 ms …  15.2 ms    5 runs
 
Benchmark 2: D:/a/lunjobenchmark/lunjobenchmark/zig-out/bin/voltcc.exe --syntaxcheck --no-warnings --dir D:/a/lunjobenchmark/lunjobenchmark/test_semantic/e1ap_rel18.4_specs
  Time (mean ± σ):      34.2 ms ±   1.8 ms    [User: 31.2 ms, System: 3.1 ms]
  Range (min … max):    32.9 ms …  37.4 ms    5 runs
 
Summary
  D:/a/lunjobenchmark/lunjobenchmark/zig-out/bin/voltcc.exe --parse-only --no-warnings --dir D:/a/lunjobenchmark/lunjobenchmark/test_semantic/e1ap_rel18.4_specs ran
    2.27 ± 0.12 times faster than D:/a/lunjobenchmark/lunjobenchmark/zig-out/bin/voltcc.exe --syntaxcheck --no-warnings --dir D:/a/lunjobenchmark/lunjobenchmark/test_semantic/e1ap_rel18.4_specs

==> test_semantic/f1ap_rel18.6_specs
Benchmark 1: D:/a/lunjobenchmark/lunjobenchmark/zig-out/bin/voltcc.exe --parse-only --no-warnings --dir D:/a/lunjobenchmark/lunjobenchmark/test_semantic/f1ap_rel18.6_specs
  Time (mean ± σ):      36.2 ms ±   0.1 ms    [User: 31.2 ms, System: 3.1 ms]
  Range (min … max):    36.0 ms …  36.3 ms    5 runs
 
Benchmark 2: D:/a/lunjobenchmark/lunjobenchmark/zig-out/bin/voltcc.exe --syntaxcheck --no-warnings --dir D:/a/lunjobenchmark/lunjobenchmark/test_semantic/f1ap_rel18.6_specs
  Time (mean ± σ):     101.0 ms ±   4.7 ms    [User: 84.4 ms, System: 15.6 ms]
  Range (min … max):    95.6 ms … 106.9 ms    5 runs
 
Summary
  D:/a/lunjobenchmark/lunjobenchmark/zig-out/bin/voltcc.exe --parse-only --no-warnings --dir D:/a/lunjobenchmark/lunjobenchmark/test_semantic/f1ap_rel18.6_specs ran
    2.79 ± 0.13 times faster than D:/a/lunjobenchmark/lunjobenchmark/zig-out/bin/voltcc.exe --syntaxcheck --no-warnings --dir D:/a/lunjobenchmark/lunjobenchmark/test_semantic/f1ap_rel18.6_specs

==> test_semantic/ngap_rel18.6_specs
Benchmark 1: D:/a/lunjobenchmark/lunjobenchmark/zig-out/bin/voltcc.exe --parse-only --no-warnings --dir D:/a/lunjobenchmark/lunjobenchmark/test_semantic/ngap_rel18.6_specs
  Time (mean ± σ):      26.0 ms ±   0.1 ms    [User: 18.8 ms, System: 6.2 ms]
  Range (min … max):    26.0 ms …  26.2 ms    5 runs
 
  Warning: Statistical outliers were detected. Consider re-running this benchmark on a quiet system without any interferences from other programs. It might help to use the '--warmup' or '--prepare' options.
 
Benchmark 2: D:/a/lunjobenchmark/lunjobenchmark/zig-out/bin/voltcc.exe --syntaxcheck --no-warnings --dir D:/a/lunjobenchmark/lunjobenchmark/test_semantic/ngap_rel18.6_specs
  Time (mean ± σ):      67.5 ms ±   2.0 ms    [User: 56.2 ms, System: 9.4 ms]
  Range (min … max):    65.9 ms …  70.3 ms    5 runs
 
Summary
  D:/a/lunjobenchmark/lunjobenchmark/zig-out/bin/voltcc.exe --parse-only --no-warnings --dir D:/a/lunjobenchmark/lunjobenchmark/test_semantic/ngap_rel18.6_specs ran
    2.59 ± 0.08 times faster than D:/a/lunjobenchmark/lunjobenchmark/zig-out/bin/voltcc.exe --syntaxcheck --no-warnings --dir D:/a/lunjobenchmark/lunjobenchmark/test_semantic/ngap_rel18.6_specs

==> test_semantic/lteNRRCC
Benchmark 1: D:/a/lunjobenchmark/lunjobenchmark/zig-out/bin/voltcc.exe --parse-only --no-warnings --dir D:/a/lunjobenchmark/lunjobenchmark/test_semantic/lteNRRCC
  Time (mean ± σ):      86.6 ms ±   1.9 ms    [User: 75.0 ms, System: 9.4 ms]
  Range (min … max):    85.0 ms …  89.3 ms    5 runs
 
Benchmark 2: D:/a/lunjobenchmark/lunjobenchmark/zig-out/bin/voltcc.exe --syntaxcheck --no-warnings --dir D:/a/lunjobenchmark/lunjobenchmark/test_semantic/lteNRRCC
  Time (mean ± σ):     109.1 ms ±   2.0 ms    [User: 96.9 ms, System: 12.5 ms]
  Range (min … max):   107.5 ms … 112.4 ms    5 runs
 
Summary
  D:/a/lunjobenchmark/lunjobenchmark/zig-out/bin/voltcc.exe --parse-only --no-warnings --dir D:/a/lunjobenchmark/lunjobenchmark/test_semantic/lteNRRCC ran
    1.26 ± 0.04 times faster than D:/a/lunjobenchmark/lunjobenchmark/zig-out/bin/voltcc.exe --syntaxcheck --no-warnings --dir D:/a/lunjobenchmark/lunjobenchmark/test_semantic/lteNRRCC

