Benchmarking parser-only and full syntaxcheck on real-world directories.
Note: there is no --validate-only mode yet, so validator cost is approximated by comparing parse-only with syntaxcheck.

==> test_semantic/e1ap_rel18.4_specs
Benchmark 1: D:/a/lunjobenchmark/lunjobenchmark/zig-out/bin/voltcc.exe --parse-only --no-warnings --dir D:/a/lunjobenchmark/lunjobenchmark/test_semantic/e1ap_rel18.4_specs
  Time (mean ± σ):      20.2 ms ±   0.2 ms    [User: 12.5 ms, System: 3.1 ms]
  Range (min … max):    20.0 ms …  20.4 ms    5 runs
 
Benchmark 2: D:/a/lunjobenchmark/lunjobenchmark/zig-out/bin/voltcc.exe --syntaxcheck --no-warnings --dir D:/a/lunjobenchmark/lunjobenchmark/test_semantic/e1ap_rel18.4_specs
  Time (mean ± σ):      38.2 ms ±   0.2 ms    [User: 31.2 ms, System: 6.2 ms]
  Range (min … max):    38.0 ms …  38.6 ms    5 runs
 
Summary
  D:/a/lunjobenchmark/lunjobenchmark/zig-out/bin/voltcc.exe --parse-only --no-warnings --dir D:/a/lunjobenchmark/lunjobenchmark/test_semantic/e1ap_rel18.4_specs ran
    1.89 ± 0.02 times faster than D:/a/lunjobenchmark/lunjobenchmark/zig-out/bin/voltcc.exe --syntaxcheck --no-warnings --dir D:/a/lunjobenchmark/lunjobenchmark/test_semantic/e1ap_rel18.4_specs

==> test_semantic/f1ap_rel18.6_specs
Benchmark 1: D:/a/lunjobenchmark/lunjobenchmark/zig-out/bin/voltcc.exe --parse-only --no-warnings --dir D:/a/lunjobenchmark/lunjobenchmark/test_semantic/f1ap_rel18.6_specs
  Time (mean ± σ):      48.9 ms ±   1.5 ms    [User: 46.9 ms, System: 0.0 ms]
  Range (min … max):    47.9 ms …  51.5 ms    5 runs
 
Benchmark 2: D:/a/lunjobenchmark/lunjobenchmark/zig-out/bin/voltcc.exe --syntaxcheck --no-warnings --dir D:/a/lunjobenchmark/lunjobenchmark/test_semantic/f1ap_rel18.6_specs
  Time (mean ± σ):     105.4 ms ±   2.4 ms    [User: 90.6 ms, System: 15.6 ms]
  Range (min … max):   103.5 ms … 108.5 ms    5 runs
 
Summary
  D:/a/lunjobenchmark/lunjobenchmark/zig-out/bin/voltcc.exe --parse-only --no-warnings --dir D:/a/lunjobenchmark/lunjobenchmark/test_semantic/f1ap_rel18.6_specs ran
    2.16 ± 0.08 times faster than D:/a/lunjobenchmark/lunjobenchmark/zig-out/bin/voltcc.exe --syntaxcheck --no-warnings --dir D:/a/lunjobenchmark/lunjobenchmark/test_semantic/f1ap_rel18.6_specs

==> test_semantic/ngap_rel18.6_specs
Benchmark 1: D:/a/lunjobenchmark/lunjobenchmark/zig-out/bin/voltcc.exe --parse-only --no-warnings --dir D:/a/lunjobenchmark/lunjobenchmark/test_semantic/ngap_rel18.6_specs
  Time (mean ± σ):      35.1 ms ±   0.2 ms    [User: 28.1 ms, System: 3.1 ms]
  Range (min … max):    34.9 ms …  35.4 ms    5 runs
 
Benchmark 2: D:/a/lunjobenchmark/lunjobenchmark/zig-out/bin/voltcc.exe --syntaxcheck --no-warnings --dir D:/a/lunjobenchmark/lunjobenchmark/test_semantic/ngap_rel18.6_specs
  Time (mean ± σ):      72.3 ms ±   0.5 ms    [User: 65.6 ms, System: 3.1 ms]
  Range (min … max):    71.6 ms …  73.1 ms    5 runs
 
Summary
  D:/a/lunjobenchmark/lunjobenchmark/zig-out/bin/voltcc.exe --parse-only --no-warnings --dir D:/a/lunjobenchmark/lunjobenchmark/test_semantic/ngap_rel18.6_specs ran
    2.06 ± 0.02 times faster than D:/a/lunjobenchmark/lunjobenchmark/zig-out/bin/voltcc.exe --syntaxcheck --no-warnings --dir D:/a/lunjobenchmark/lunjobenchmark/test_semantic/ngap_rel18.6_specs

==> test_semantic/lteNRRCC
Benchmark 1: D:/a/lunjobenchmark/lunjobenchmark/zig-out/bin/voltcc.exe --parse-only --no-warnings --dir D:/a/lunjobenchmark/lunjobenchmark/test_semantic/lteNRRCC
  Time (mean ± σ):     115.1 ms ±   0.5 ms    [User: 103.1 ms, System: 12.5 ms]
  Range (min … max):   114.6 ms … 115.9 ms    5 runs
 
Benchmark 2: D:/a/lunjobenchmark/lunjobenchmark/zig-out/bin/voltcc.exe --syntaxcheck --no-warnings --dir D:/a/lunjobenchmark/lunjobenchmark/test_semantic/lteNRRCC
  Time (mean ± σ):     138.4 ms ±   2.1 ms    [User: 121.9 ms, System: 9.4 ms]
  Range (min … max):   135.1 ms … 141.1 ms    5 runs
 
Summary
  D:/a/lunjobenchmark/lunjobenchmark/zig-out/bin/voltcc.exe --parse-only --no-warnings --dir D:/a/lunjobenchmark/lunjobenchmark/test_semantic/lteNRRCC ran
    1.20 ± 0.02 times faster than D:/a/lunjobenchmark/lunjobenchmark/zig-out/bin/voltcc.exe --syntaxcheck --no-warnings --dir D:/a/lunjobenchmark/lunjobenchmark/test_semantic/lteNRRCC

