Benchmarking parser-only and full syntaxcheck on real-world directories.
Note: there is no --validate-only mode yet, so validator cost is approximated by comparing parse-only with syntaxcheck.

==> test_semantic/e1ap_rel18.4_specs
Benchmark 1: /home/runner/work/lunjobenchmark/lunjobenchmark/zig-out/bin/voltcc --parse-only --no-warnings --dir test_semantic/e1ap_rel18.4_specs >/dev/null 2>&1
  Time (mean ± σ):      15.6 ms ±   0.5 ms    [User: 12.3 ms, System: 3.2 ms]
  Range (min … max):    15.2 ms …  16.3 ms    5 runs
 
Benchmark 2: /home/runner/work/lunjobenchmark/lunjobenchmark/zig-out/bin/voltcc --syntaxcheck --no-warnings --dir test_semantic/e1ap_rel18.4_specs >/dev/null 2>&1
  Time (mean ± σ):      33.8 ms ±   1.4 ms    [User: 24.6 ms, System: 9.2 ms]
  Range (min … max):    32.0 ms …  35.7 ms    5 runs
 
Summary
  /home/runner/work/lunjobenchmark/lunjobenchmark/zig-out/bin/voltcc --parse-only --no-warnings --dir test_semantic/e1ap_rel18.4_specs >/dev/null 2>&1 ran
    2.17 ± 0.11 times faster than /home/runner/work/lunjobenchmark/lunjobenchmark/zig-out/bin/voltcc --syntaxcheck --no-warnings --dir test_semantic/e1ap_rel18.4_specs >/dev/null 2>&1

==> test_semantic/f1ap_rel18.6_specs
Benchmark 1: /home/runner/work/lunjobenchmark/lunjobenchmark/zig-out/bin/voltcc --parse-only --no-warnings --dir test_semantic/f1ap_rel18.6_specs >/dev/null 2>&1
  Time (mean ± σ):      37.6 ms ±   0.4 ms    [User: 32.0 ms, System: 5.6 ms]
  Range (min … max):    37.1 ms …  38.2 ms    5 runs
 
Benchmark 2: /home/runner/work/lunjobenchmark/lunjobenchmark/zig-out/bin/voltcc --syntaxcheck --no-warnings --dir test_semantic/f1ap_rel18.6_specs >/dev/null 2>&1
  Time (mean ± σ):      92.9 ms ±   0.9 ms    [User: 72.1 ms, System: 20.7 ms]
  Range (min … max):    91.9 ms …  93.7 ms    5 runs
 
Summary
  /home/runner/work/lunjobenchmark/lunjobenchmark/zig-out/bin/voltcc --parse-only --no-warnings --dir test_semantic/f1ap_rel18.6_specs >/dev/null 2>&1 ran
    2.47 ± 0.04 times faster than /home/runner/work/lunjobenchmark/lunjobenchmark/zig-out/bin/voltcc --syntaxcheck --no-warnings --dir test_semantic/f1ap_rel18.6_specs >/dev/null 2>&1

==> test_semantic/ngap_rel18.6_specs
Benchmark 1: /home/runner/work/lunjobenchmark/lunjobenchmark/zig-out/bin/voltcc --parse-only --no-warnings --dir test_semantic/ngap_rel18.6_specs >/dev/null 2>&1
  Time (mean ± σ):      28.1 ms ±   0.5 ms    [User: 21.6 ms, System: 6.4 ms]
  Range (min … max):    27.3 ms …  28.5 ms    5 runs
 
Benchmark 2: /home/runner/work/lunjobenchmark/lunjobenchmark/zig-out/bin/voltcc --syntaxcheck --no-warnings --dir test_semantic/ngap_rel18.6_specs >/dev/null 2>&1
  Time (mean ± σ):      63.4 ms ±   1.6 ms    [User: 49.3 ms, System: 14.0 ms]
  Range (min … max):    61.2 ms …  65.4 ms    5 runs
 
Summary
  /home/runner/work/lunjobenchmark/lunjobenchmark/zig-out/bin/voltcc --parse-only --no-warnings --dir test_semantic/ngap_rel18.6_specs >/dev/null 2>&1 ran
    2.26 ± 0.07 times faster than /home/runner/work/lunjobenchmark/lunjobenchmark/zig-out/bin/voltcc --syntaxcheck --no-warnings --dir test_semantic/ngap_rel18.6_specs >/dev/null 2>&1

==> test_semantic/lteNRRCC
Benchmark 1: /home/runner/work/lunjobenchmark/lunjobenchmark/zig-out/bin/voltcc --parse-only --no-warnings --dir test_semantic/lteNRRCC >/dev/null 2>&1
  Time (mean ± σ):      95.2 ms ±   0.9 ms    [User: 79.5 ms, System: 15.6 ms]
  Range (min … max):    94.6 ms …  96.7 ms    5 runs
 
Benchmark 2: /home/runner/work/lunjobenchmark/lunjobenchmark/zig-out/bin/voltcc --syntaxcheck --no-warnings --dir test_semantic/lteNRRCC >/dev/null 2>&1
  Time (mean ± σ):     118.8 ms ±   0.9 ms    [User: 100.1 ms, System: 18.7 ms]
  Range (min … max):   117.4 ms … 119.7 ms    5 runs
 
  Warning: Statistical outliers were detected. Consider re-running this benchmark on a quiet system without any interferences from other programs. It might help to use the '--warmup' or '--prepare' options.
 
Summary
  /home/runner/work/lunjobenchmark/lunjobenchmark/zig-out/bin/voltcc --parse-only --no-warnings --dir test_semantic/lteNRRCC >/dev/null 2>&1 ran
    1.25 ± 0.01 times faster than /home/runner/work/lunjobenchmark/lunjobenchmark/zig-out/bin/voltcc --syntaxcheck --no-warnings --dir test_semantic/lteNRRCC >/dev/null 2>&1

