Benchmarking parser-only and full syntaxcheck on real-world directories.
Note: there is no --validate-only mode yet, so validator cost is approximated by comparing parse-only with syntaxcheck.

==> test_semantic/e1ap_rel18.4_specs
Benchmark 1: /Users/runner/work/lunjobenchmark/lunjobenchmark/zig-out/bin/voltcc --parse-only --no-warnings --dir test_semantic/e1ap_rel18.4_specs >/dev/null 2>&1
  Time (mean ± σ):      35.8 ms ±  22.5 ms    [User: 11.0 ms, System: 3.4 ms]
  Range (min … max):     7.5 ms …  68.5 ms    5 runs
 
Benchmark 2: /Users/runner/work/lunjobenchmark/lunjobenchmark/zig-out/bin/voltcc --syntaxcheck --no-warnings --dir test_semantic/e1ap_rel18.4_specs >/dev/null 2>&1
  Time (mean ± σ):      43.0 ms ±  20.3 ms    [User: 22.0 ms, System: 7.1 ms]
  Range (min … max):    22.0 ms …  65.5 ms    5 runs
 
Summary
  /Users/runner/work/lunjobenchmark/lunjobenchmark/zig-out/bin/voltcc --parse-only --no-warnings --dir test_semantic/e1ap_rel18.4_specs >/dev/null 2>&1 ran
    1.20 ± 0.94 times faster than /Users/runner/work/lunjobenchmark/lunjobenchmark/zig-out/bin/voltcc --syntaxcheck --no-warnings --dir test_semantic/e1ap_rel18.4_specs >/dev/null 2>&1

==> test_semantic/f1ap_rel18.6_specs
Benchmark 1: /Users/runner/work/lunjobenchmark/lunjobenchmark/zig-out/bin/voltcc --parse-only --no-warnings --dir test_semantic/f1ap_rel18.6_specs >/dev/null 2>&1
  Time (mean ± σ):      62.1 ms ±   9.3 ms    [User: 29.5 ms, System: 6.5 ms]
  Range (min … max):    52.3 ms …  75.8 ms    5 runs
 
Benchmark 2: /Users/runner/work/lunjobenchmark/lunjobenchmark/zig-out/bin/voltcc --syntaxcheck --no-warnings --dir test_semantic/f1ap_rel18.6_specs >/dev/null 2>&1
  Time (mean ± σ):     120.4 ms ±  15.5 ms    [User: 77.7 ms, System: 25.9 ms]
  Range (min … max):    96.6 ms … 137.4 ms    5 runs
 
Summary
  /Users/runner/work/lunjobenchmark/lunjobenchmark/zig-out/bin/voltcc --parse-only --no-warnings --dir test_semantic/f1ap_rel18.6_specs >/dev/null 2>&1 ran
    1.94 ± 0.38 times faster than /Users/runner/work/lunjobenchmark/lunjobenchmark/zig-out/bin/voltcc --syntaxcheck --no-warnings --dir test_semantic/f1ap_rel18.6_specs >/dev/null 2>&1

==> test_semantic/ngap_rel18.6_specs
Benchmark 1: /Users/runner/work/lunjobenchmark/lunjobenchmark/zig-out/bin/voltcc --parse-only --no-warnings --dir test_semantic/ngap_rel18.6_specs >/dev/null 2>&1
  Time (mean ± σ):      15.9 ms ±   0.7 ms    [User: 14.7 ms, System: 2.4 ms]
  Range (min … max):    15.0 ms …  16.8 ms    5 runs
 
Benchmark 2: /Users/runner/work/lunjobenchmark/lunjobenchmark/zig-out/bin/voltcc --syntaxcheck --no-warnings --dir test_semantic/ngap_rel18.6_specs >/dev/null 2>&1
  Time (mean ± σ):      75.0 ms ±  11.5 ms    [User: 53.0 ms, System: 16.6 ms]
  Range (min … max):    61.9 ms …  84.7 ms    5 runs
 
Summary
  /Users/runner/work/lunjobenchmark/lunjobenchmark/zig-out/bin/voltcc --parse-only --no-warnings --dir test_semantic/ngap_rel18.6_specs >/dev/null 2>&1 ran
    4.70 ± 0.75 times faster than /Users/runner/work/lunjobenchmark/lunjobenchmark/zig-out/bin/voltcc --syntaxcheck --no-warnings --dir test_semantic/ngap_rel18.6_specs >/dev/null 2>&1

==> test_semantic/lteNRRCC
Benchmark 1: /Users/runner/work/lunjobenchmark/lunjobenchmark/zig-out/bin/voltcc --parse-only --no-warnings --dir test_semantic/lteNRRCC >/dev/null 2>&1
  Time (mean ± σ):      95.2 ms ±  17.4 ms    [User: 77.2 ms, System: 11.8 ms]
  Range (min … max):    75.6 ms … 117.4 ms    5 runs
 
Benchmark 2: /Users/runner/work/lunjobenchmark/lunjobenchmark/zig-out/bin/voltcc --syntaxcheck --no-warnings --dir test_semantic/lteNRRCC >/dev/null 2>&1
  Time (mean ± σ):     123.9 ms ±  18.5 ms    [User: 100.1 ms, System: 16.3 ms]
  Range (min … max):    99.3 ms … 151.1 ms    5 runs
 
Summary
  /Users/runner/work/lunjobenchmark/lunjobenchmark/zig-out/bin/voltcc --parse-only --no-warnings --dir test_semantic/lteNRRCC >/dev/null 2>&1 ran
    1.30 ± 0.31 times faster than /Users/runner/work/lunjobenchmark/lunjobenchmark/zig-out/bin/voltcc --syntaxcheck --no-warnings --dir test_semantic/lteNRRCC >/dev/null 2>&1

