Benchmarking parser-only and full syntaxcheck on real-world directories.
Note: there is no --validate-only mode yet, so validator cost is approximated by comparing parse-only with syntaxcheck.

==> test_semantic/e1ap_rel18.4_specs
Benchmark 1: /home/runner/work/lunjobenchmark/lunjobenchmark/zig-out/bin/voltcc --parse-only --no-warnings --dir test_semantic/e1ap_rel18.4_specs >/dev/null 2>&1
  Time (mean ± σ):      14.3 ms ±   0.3 ms    [User: 11.6 ms, System: 2.6 ms]
  Range (min … max):    13.8 ms …  14.5 ms    5 runs
 
  Warning: Statistical outliers were detected. Consider re-running this benchmark on a quiet system without any interferences from other programs. It might help to use the '--warmup' or '--prepare' options.
 
Benchmark 2: /home/runner/work/lunjobenchmark/lunjobenchmark/zig-out/bin/voltcc --syntaxcheck --no-warnings --dir test_semantic/e1ap_rel18.4_specs >/dev/null 2>&1
  Time (mean ± σ):      32.6 ms ±   0.5 ms    [User: 22.8 ms, System: 9.7 ms]
  Range (min … max):    31.9 ms …  33.1 ms    5 runs
 
Summary
  /home/runner/work/lunjobenchmark/lunjobenchmark/zig-out/bin/voltcc --parse-only --no-warnings --dir test_semantic/e1ap_rel18.4_specs >/dev/null 2>&1 ran
    2.27 ± 0.06 times faster than /home/runner/work/lunjobenchmark/lunjobenchmark/zig-out/bin/voltcc --syntaxcheck --no-warnings --dir test_semantic/e1ap_rel18.4_specs >/dev/null 2>&1

==> test_semantic/f1ap_rel18.6_specs
Benchmark 1: /home/runner/work/lunjobenchmark/lunjobenchmark/zig-out/bin/voltcc --parse-only --no-warnings --dir test_semantic/f1ap_rel18.6_specs >/dev/null 2>&1
  Time (mean ± σ):      37.9 ms ±   0.7 ms    [User: 33.6 ms, System: 4.2 ms]
  Range (min … max):    37.1 ms …  38.8 ms    5 runs
 
Benchmark 2: /home/runner/work/lunjobenchmark/lunjobenchmark/zig-out/bin/voltcc --syntaxcheck --no-warnings --dir test_semantic/f1ap_rel18.6_specs >/dev/null 2>&1
  Time (mean ± σ):     100.6 ms ±   0.7 ms    [User: 76.8 ms, System: 23.7 ms]
  Range (min … max):    99.9 ms … 101.8 ms    5 runs
 
Summary
  /home/runner/work/lunjobenchmark/lunjobenchmark/zig-out/bin/voltcc --parse-only --no-warnings --dir test_semantic/f1ap_rel18.6_specs >/dev/null 2>&1 ran
    2.66 ± 0.05 times faster than /home/runner/work/lunjobenchmark/lunjobenchmark/zig-out/bin/voltcc --syntaxcheck --no-warnings --dir test_semantic/f1ap_rel18.6_specs >/dev/null 2>&1

==> test_semantic/ngap_rel18.6_specs
Benchmark 1: /home/runner/work/lunjobenchmark/lunjobenchmark/zig-out/bin/voltcc --parse-only --no-warnings --dir test_semantic/ngap_rel18.6_specs >/dev/null 2>&1
  Time (mean ± σ):      26.8 ms ±   0.8 ms    [User: 22.9 ms, System: 3.9 ms]
  Range (min … max):    26.1 ms …  28.1 ms    5 runs
 
Benchmark 2: /home/runner/work/lunjobenchmark/lunjobenchmark/zig-out/bin/voltcc --syntaxcheck --no-warnings --dir test_semantic/ngap_rel18.6_specs >/dev/null 2>&1
  Time (mean ± σ):      69.9 ms ±   0.8 ms    [User: 53.4 ms, System: 16.4 ms]
  Range (min … max):    69.2 ms …  70.9 ms    5 runs
 
Summary
  /home/runner/work/lunjobenchmark/lunjobenchmark/zig-out/bin/voltcc --parse-only --no-warnings --dir test_semantic/ngap_rel18.6_specs >/dev/null 2>&1 ran
    2.61 ± 0.08 times faster than /home/runner/work/lunjobenchmark/lunjobenchmark/zig-out/bin/voltcc --syntaxcheck --no-warnings --dir test_semantic/ngap_rel18.6_specs >/dev/null 2>&1

==> test_semantic/lteNRRCC
Benchmark 1: /home/runner/work/lunjobenchmark/lunjobenchmark/zig-out/bin/voltcc --parse-only --no-warnings --dir test_semantic/lteNRRCC >/dev/null 2>&1
  Time (mean ± σ):      97.2 ms ±   0.2 ms    [User: 86.2 ms, System: 11.0 ms]
  Range (min … max):    97.0 ms …  97.5 ms    5 runs
 
Benchmark 2: /home/runner/work/lunjobenchmark/lunjobenchmark/zig-out/bin/voltcc --syntaxcheck --no-warnings --dir test_semantic/lteNRRCC >/dev/null 2>&1
  Time (mean ± σ):     120.8 ms ±   1.1 ms    [User: 105.7 ms, System: 15.0 ms]
  Range (min … max):   119.2 ms … 121.9 ms    5 runs
 
Summary
  /home/runner/work/lunjobenchmark/lunjobenchmark/zig-out/bin/voltcc --parse-only --no-warnings --dir test_semantic/lteNRRCC >/dev/null 2>&1 ran
    1.24 ± 0.01 times faster than /home/runner/work/lunjobenchmark/lunjobenchmark/zig-out/bin/voltcc --syntaxcheck --no-warnings --dir test_semantic/lteNRRCC >/dev/null 2>&1

