Benchmarking parser-only and full syntaxcheck on real-world directories.
Note: there is no --validate-only mode yet, so validator cost is approximated by comparing parse-only with syntaxcheck.

==> test_semantic/e1ap_rel18.4_specs
Benchmark 1: D:/a/lunjobenchmark/lunjobenchmark/zig-out/bin/voltcc.exe --parse-only --no-warnings --dir D:/a/lunjobenchmark/lunjobenchmark/test_semantic/e1ap_rel18.4_specs
  Time (mean ± σ):      20.7 ms ±   0.3 ms    [User: 12.5 ms, System: 3.1 ms]
  Range (min … max):    20.4 ms …  21.0 ms    5 runs
 
Benchmark 2: D:/a/lunjobenchmark/lunjobenchmark/zig-out/bin/voltcc.exe --syntaxcheck --no-warnings --dir D:/a/lunjobenchmark/lunjobenchmark/test_semantic/e1ap_rel18.4_specs
  Time (mean ± σ):      41.5 ms ±   1.2 ms    [User: 31.2 ms, System: 6.2 ms]
  Range (min … max):    39.7 ms …  42.7 ms    5 runs
 
Summary
  D:/a/lunjobenchmark/lunjobenchmark/zig-out/bin/voltcc.exe --parse-only --no-warnings --dir D:/a/lunjobenchmark/lunjobenchmark/test_semantic/e1ap_rel18.4_specs ran
    2.00 ± 0.06 times faster than D:/a/lunjobenchmark/lunjobenchmark/zig-out/bin/voltcc.exe --syntaxcheck --no-warnings --dir D:/a/lunjobenchmark/lunjobenchmark/test_semantic/e1ap_rel18.4_specs

==> test_semantic/f1ap_rel18.6_specs
Benchmark 1: D:/a/lunjobenchmark/lunjobenchmark/zig-out/bin/voltcc.exe --parse-only --no-warnings --dir D:/a/lunjobenchmark/lunjobenchmark/test_semantic/f1ap_rel18.6_specs
  Time (mean ± σ):      49.6 ms ±   0.4 ms    [User: 43.8 ms, System: 3.1 ms]
  Range (min … max):    49.1 ms …  50.1 ms    5 runs
 
Benchmark 2: D:/a/lunjobenchmark/lunjobenchmark/zig-out/bin/voltcc.exe --syntaxcheck --no-warnings --dir D:/a/lunjobenchmark/lunjobenchmark/test_semantic/f1ap_rel18.6_specs
  Time (mean ± σ):     112.1 ms ±   1.4 ms    [User: 93.8 ms, System: 15.6 ms]
  Range (min … max):   110.4 ms … 113.6 ms    5 runs
 
Summary
  D:/a/lunjobenchmark/lunjobenchmark/zig-out/bin/voltcc.exe --parse-only --no-warnings --dir D:/a/lunjobenchmark/lunjobenchmark/test_semantic/f1ap_rel18.6_specs ran
    2.26 ± 0.03 times faster than D:/a/lunjobenchmark/lunjobenchmark/zig-out/bin/voltcc.exe --syntaxcheck --no-warnings --dir D:/a/lunjobenchmark/lunjobenchmark/test_semantic/f1ap_rel18.6_specs

==> test_semantic/ngap_rel18.6_specs
Benchmark 1: D:/a/lunjobenchmark/lunjobenchmark/zig-out/bin/voltcc.exe --parse-only --no-warnings --dir D:/a/lunjobenchmark/lunjobenchmark/test_semantic/ngap_rel18.6_specs
  Time (mean ± σ):      36.8 ms ±   1.1 ms    [User: 28.1 ms, System: 9.4 ms]
  Range (min … max):    35.7 ms …  38.6 ms    5 runs
 
Benchmark 2: D:/a/lunjobenchmark/lunjobenchmark/zig-out/bin/voltcc.exe --syntaxcheck --no-warnings --dir D:/a/lunjobenchmark/lunjobenchmark/test_semantic/ngap_rel18.6_specs
  Time (mean ± σ):      77.4 ms ±   1.5 ms    [User: 62.5 ms, System: 12.5 ms]
  Range (min … max):    75.8 ms …  79.9 ms    5 runs
 
Summary
  D:/a/lunjobenchmark/lunjobenchmark/zig-out/bin/voltcc.exe --parse-only --no-warnings --dir D:/a/lunjobenchmark/lunjobenchmark/test_semantic/ngap_rel18.6_specs ran
    2.10 ± 0.08 times faster than D:/a/lunjobenchmark/lunjobenchmark/zig-out/bin/voltcc.exe --syntaxcheck --no-warnings --dir D:/a/lunjobenchmark/lunjobenchmark/test_semantic/ngap_rel18.6_specs

==> test_semantic/lteNRRCC
Benchmark 1: D:/a/lunjobenchmark/lunjobenchmark/zig-out/bin/voltcc.exe --parse-only --no-warnings --dir D:/a/lunjobenchmark/lunjobenchmark/test_semantic/lteNRRCC
  Time (mean ± σ):     116.5 ms ±   2.1 ms    [User: 106.2 ms, System: 12.5 ms]
  Range (min … max):   114.0 ms … 119.5 ms    5 runs
 
Benchmark 2: D:/a/lunjobenchmark/lunjobenchmark/zig-out/bin/voltcc.exe --syntaxcheck --no-warnings --dir D:/a/lunjobenchmark/lunjobenchmark/test_semantic/lteNRRCC
  Time (mean ± σ):     140.9 ms ±   0.6 ms    [User: 137.5 ms, System: 3.1 ms]
  Range (min … max):   140.1 ms … 141.5 ms    5 runs
 
Summary
  D:/a/lunjobenchmark/lunjobenchmark/zig-out/bin/voltcc.exe --parse-only --no-warnings --dir D:/a/lunjobenchmark/lunjobenchmark/test_semantic/lteNRRCC ran
    1.21 ± 0.02 times faster than D:/a/lunjobenchmark/lunjobenchmark/zig-out/bin/voltcc.exe --syntaxcheck --no-warnings --dir D:/a/lunjobenchmark/lunjobenchmark/test_semantic/lteNRRCC

