Benchmarking parser-only and full syntaxcheck on real-world directories.
Note: there is no --validate-only mode yet, so validator cost is approximated by comparing parse-only with syntaxcheck.

==> test_semantic/e1ap_rel18.4_specs
Benchmark 1: /Users/runner/work/lunjobenchmark/lunjobenchmark/zig-out/bin/voltcc --parse-only --no-warnings --dir test_semantic/e1ap_rel18.4_specs >/dev/null 2>&1
  Time (mean ± σ):      16.9 ms ±   4.4 ms    [User: 12.0 ms, System: 3.4 ms]
  Range (min … max):     9.7 ms …  20.4 ms    5 runs
 
Benchmark 2: /Users/runner/work/lunjobenchmark/lunjobenchmark/zig-out/bin/voltcc --syntaxcheck --no-warnings --dir test_semantic/e1ap_rel18.4_specs >/dev/null 2>&1
  Time (mean ± σ):      24.6 ms ±   4.2 ms    [User: 19.2 ms, System: 5.5 ms]
  Range (min … max):    20.9 ms …  30.3 ms    5 runs
 
Summary
  /Users/runner/work/lunjobenchmark/lunjobenchmark/zig-out/bin/voltcc --parse-only --no-warnings --dir test_semantic/e1ap_rel18.4_specs >/dev/null 2>&1 ran
    1.45 ± 0.45 times faster than /Users/runner/work/lunjobenchmark/lunjobenchmark/zig-out/bin/voltcc --syntaxcheck --no-warnings --dir test_semantic/e1ap_rel18.4_specs >/dev/null 2>&1

==> test_semantic/f1ap_rel18.6_specs
Benchmark 1: /Users/runner/work/lunjobenchmark/lunjobenchmark/zig-out/bin/voltcc --parse-only --no-warnings --dir test_semantic/f1ap_rel18.6_specs >/dev/null 2>&1
  Time (mean ± σ):      26.5 ms ±   5.9 ms    [User: 23.9 ms, System: 3.9 ms]
  Range (min … max):    20.2 ms …  32.8 ms    5 runs
 
Benchmark 2: /Users/runner/work/lunjobenchmark/lunjobenchmark/zig-out/bin/voltcc --syntaxcheck --no-warnings --dir test_semantic/f1ap_rel18.6_specs >/dev/null 2>&1
  Time (mean ± σ):      63.1 ms ±   1.1 ms    [User: 53.0 ms, System: 12.2 ms]
  Range (min … max):    61.4 ms …  64.4 ms    5 runs
 
Summary
  /Users/runner/work/lunjobenchmark/lunjobenchmark/zig-out/bin/voltcc --parse-only --no-warnings --dir test_semantic/f1ap_rel18.6_specs >/dev/null 2>&1 ran
    2.38 ± 0.53 times faster than /Users/runner/work/lunjobenchmark/lunjobenchmark/zig-out/bin/voltcc --syntaxcheck --no-warnings --dir test_semantic/f1ap_rel18.6_specs >/dev/null 2>&1

==> test_semantic/ngap_rel18.6_specs
Benchmark 1: /Users/runner/work/lunjobenchmark/lunjobenchmark/zig-out/bin/voltcc --parse-only --no-warnings --dir test_semantic/ngap_rel18.6_specs >/dev/null 2>&1
  Time (mean ± σ):      29.5 ms ±   4.6 ms    [User: 21.3 ms, System: 6.2 ms]
  Range (min … max):    25.1 ms …  36.9 ms    5 runs
 
Benchmark 2: /Users/runner/work/lunjobenchmark/lunjobenchmark/zig-out/bin/voltcc --syntaxcheck --no-warnings --dir test_semantic/ngap_rel18.6_specs >/dev/null 2>&1
  Time (mean ± σ):      65.9 ms ±   5.2 ms    [User: 48.6 ms, System: 15.1 ms]
  Range (min … max):    60.6 ms …  73.5 ms    5 runs
 
Summary
  /Users/runner/work/lunjobenchmark/lunjobenchmark/zig-out/bin/voltcc --parse-only --no-warnings --dir test_semantic/ngap_rel18.6_specs >/dev/null 2>&1 ran
    2.23 ± 0.39 times faster than /Users/runner/work/lunjobenchmark/lunjobenchmark/zig-out/bin/voltcc --syntaxcheck --no-warnings --dir test_semantic/ngap_rel18.6_specs >/dev/null 2>&1

==> test_semantic/lteNRRCC
Benchmark 1: /Users/runner/work/lunjobenchmark/lunjobenchmark/zig-out/bin/voltcc --parse-only --no-warnings --dir test_semantic/lteNRRCC >/dev/null 2>&1
  Time (mean ± σ):      84.0 ms ±   6.3 ms    [User: 73.1 ms, System: 10.3 ms]
  Range (min … max):    77.7 ms …  91.8 ms    5 runs
 
Benchmark 2: /Users/runner/work/lunjobenchmark/lunjobenchmark/zig-out/bin/voltcc --syntaxcheck --no-warnings --dir test_semantic/lteNRRCC >/dev/null 2>&1
  Time (mean ± σ):     110.7 ms ±  30.5 ms    [User: 93.9 ms, System: 16.0 ms]
  Range (min … max):    74.8 ms … 144.3 ms    5 runs
 
Summary
  /Users/runner/work/lunjobenchmark/lunjobenchmark/zig-out/bin/voltcc --parse-only --no-warnings --dir test_semantic/lteNRRCC >/dev/null 2>&1 ran
    1.32 ± 0.38 times faster than /Users/runner/work/lunjobenchmark/lunjobenchmark/zig-out/bin/voltcc --syntaxcheck --no-warnings --dir test_semantic/lteNRRCC >/dev/null 2>&1

