Benchmarking parser-only and full syntaxcheck on real-world directories.
Note: there is no --validate-only mode yet, so validator cost is approximated by comparing parse-only with syntaxcheck.

==> test_semantic/e1ap_rel18.4_specs
Benchmark 1: /home/runner/work/lunjobenchmark/lunjobenchmark/zig-out/bin/voltcc --parse-only --no-warnings --dir test_semantic/e1ap_rel18.4_specs >/dev/null 2>&1
  Time (mean ± σ):      17.6 ms ±   0.3 ms    [User: 13.0 ms, System: 4.6 ms]
  Range (min … max):    17.3 ms …  18.2 ms    5 runs
 
Benchmark 2: /home/runner/work/lunjobenchmark/lunjobenchmark/zig-out/bin/voltcc --syntaxcheck --no-warnings --dir test_semantic/e1ap_rel18.4_specs >/dev/null 2>&1
  Time (mean ± σ):      36.4 ms ±   0.7 ms    [User: 24.5 ms, System: 11.9 ms]
  Range (min … max):    35.7 ms …  37.6 ms    5 runs
 
Summary
  /home/runner/work/lunjobenchmark/lunjobenchmark/zig-out/bin/voltcc --parse-only --no-warnings --dir test_semantic/e1ap_rel18.4_specs >/dev/null 2>&1 ran
    2.07 ± 0.05 times faster than /home/runner/work/lunjobenchmark/lunjobenchmark/zig-out/bin/voltcc --syntaxcheck --no-warnings --dir test_semantic/e1ap_rel18.4_specs >/dev/null 2>&1

==> test_semantic/f1ap_rel18.6_specs
Benchmark 1: /home/runner/work/lunjobenchmark/lunjobenchmark/zig-out/bin/voltcc --parse-only --no-warnings --dir test_semantic/f1ap_rel18.6_specs >/dev/null 2>&1
  Time (mean ± σ):      40.6 ms ±   0.3 ms    [User: 34.4 ms, System: 6.1 ms]
  Range (min … max):    40.1 ms …  40.9 ms    5 runs
 
Benchmark 2: /home/runner/work/lunjobenchmark/lunjobenchmark/zig-out/bin/voltcc --syntaxcheck --no-warnings --dir test_semantic/f1ap_rel18.6_specs >/dev/null 2>&1
  Time (mean ± σ):      94.6 ms ±   1.1 ms    [User: 76.7 ms, System: 17.8 ms]
  Range (min … max):    92.7 ms …  95.6 ms    5 runs
 
Summary
  /home/runner/work/lunjobenchmark/lunjobenchmark/zig-out/bin/voltcc --parse-only --no-warnings --dir test_semantic/f1ap_rel18.6_specs >/dev/null 2>&1 ran
    2.33 ± 0.03 times faster than /home/runner/work/lunjobenchmark/lunjobenchmark/zig-out/bin/voltcc --syntaxcheck --no-warnings --dir test_semantic/f1ap_rel18.6_specs >/dev/null 2>&1

==> test_semantic/ngap_rel18.6_specs
Benchmark 1: /home/runner/work/lunjobenchmark/lunjobenchmark/zig-out/bin/voltcc --parse-only --no-warnings --dir test_semantic/ngap_rel18.6_specs >/dev/null 2>&1
  Time (mean ± σ):      31.0 ms ±   0.8 ms    [User: 22.9 ms, System: 8.0 ms]
  Range (min … max):    29.5 ms …  31.4 ms    5 runs
 
  Warning: Statistical outliers were detected. Consider re-running this benchmark on a quiet system without any interferences from other programs. It might help to use the '--warmup' or '--prepare' options.
 
Benchmark 2: /home/runner/work/lunjobenchmark/lunjobenchmark/zig-out/bin/voltcc --syntaxcheck --no-warnings --dir test_semantic/ngap_rel18.6_specs >/dev/null 2>&1
  Time (mean ± σ):      66.4 ms ±   0.3 ms    [User: 52.2 ms, System: 14.1 ms]
  Range (min … max):    65.8 ms …  66.7 ms    5 runs
 
Summary
  /home/runner/work/lunjobenchmark/lunjobenchmark/zig-out/bin/voltcc --parse-only --no-warnings --dir test_semantic/ngap_rel18.6_specs >/dev/null 2>&1 ran
    2.14 ± 0.06 times faster than /home/runner/work/lunjobenchmark/lunjobenchmark/zig-out/bin/voltcc --syntaxcheck --no-warnings --dir test_semantic/ngap_rel18.6_specs >/dev/null 2>&1

==> test_semantic/lteNRRCC
Benchmark 1: /home/runner/work/lunjobenchmark/lunjobenchmark/zig-out/bin/voltcc --parse-only --no-warnings --dir test_semantic/lteNRRCC >/dev/null 2>&1
  Time (mean ± σ):     105.9 ms ±   2.6 ms    [User: 92.7 ms, System: 13.1 ms]
  Range (min … max):   103.9 ms … 110.2 ms    5 runs
 
Benchmark 2: /home/runner/work/lunjobenchmark/lunjobenchmark/zig-out/bin/voltcc --syntaxcheck --no-warnings --dir test_semantic/lteNRRCC >/dev/null 2>&1
  Time (mean ± σ):     127.7 ms ±   1.3 ms    [User: 110.7 ms, System: 16.9 ms]
  Range (min … max):   126.4 ms … 129.2 ms    5 runs
 
Summary
  /home/runner/work/lunjobenchmark/lunjobenchmark/zig-out/bin/voltcc --parse-only --no-warnings --dir test_semantic/lteNRRCC >/dev/null 2>&1 ran
    1.21 ± 0.03 times faster than /home/runner/work/lunjobenchmark/lunjobenchmark/zig-out/bin/voltcc --syntaxcheck --no-warnings --dir test_semantic/lteNRRCC >/dev/null 2>&1

