Benchmarking parser-only and full syntaxcheck on real-world directories.
Note: there is no --validate-only mode yet, so validator cost is approximated by comparing parse-only with syntaxcheck.

==> test_semantic/e1ap_rel18.4_specs
Benchmark 1: D:/a/lunjobenchmark/lunjobenchmark/zig-out/bin/voltcc.exe --parse-only --no-warnings --dir D:/a/lunjobenchmark/lunjobenchmark/test_semantic/e1ap_rel18.4_specs
  Time (mean ± σ):      17.9 ms ±   0.1 ms    [User: 12.5 ms, System: 3.1 ms]
  Range (min … max):    17.8 ms …  18.0 ms    5 runs
 
Benchmark 2: D:/a/lunjobenchmark/lunjobenchmark/zig-out/bin/voltcc.exe --syntaxcheck --no-warnings --dir D:/a/lunjobenchmark/lunjobenchmark/test_semantic/e1ap_rel18.4_specs
  Time (mean ± σ):      40.3 ms ±   0.5 ms    [User: 31.2 ms, System: 6.2 ms]
  Range (min … max):    39.4 ms …  40.8 ms    5 runs
 
Summary
  D:/a/lunjobenchmark/lunjobenchmark/zig-out/bin/voltcc.exe --parse-only --no-warnings --dir D:/a/lunjobenchmark/lunjobenchmark/test_semantic/e1ap_rel18.4_specs ran
    2.25 ± 0.03 times faster than D:/a/lunjobenchmark/lunjobenchmark/zig-out/bin/voltcc.exe --syntaxcheck --no-warnings --dir D:/a/lunjobenchmark/lunjobenchmark/test_semantic/e1ap_rel18.4_specs

==> test_semantic/f1ap_rel18.6_specs
Benchmark 1: D:/a/lunjobenchmark/lunjobenchmark/zig-out/bin/voltcc.exe --parse-only --no-warnings --dir D:/a/lunjobenchmark/lunjobenchmark/test_semantic/f1ap_rel18.6_specs
  Time (mean ± σ):      42.3 ms ±   0.3 ms    [User: 31.2 ms, System: 9.4 ms]
  Range (min … max):    42.0 ms …  42.8 ms    5 runs
 
Benchmark 2: D:/a/lunjobenchmark/lunjobenchmark/zig-out/bin/voltcc.exe --syntaxcheck --no-warnings --dir D:/a/lunjobenchmark/lunjobenchmark/test_semantic/f1ap_rel18.6_specs
  Time (mean ± σ):     111.7 ms ±   3.1 ms    [User: 93.8 ms, System: 15.6 ms]
  Range (min … max):   106.6 ms … 114.3 ms    5 runs
 
Summary
  D:/a/lunjobenchmark/lunjobenchmark/zig-out/bin/voltcc.exe --parse-only --no-warnings --dir D:/a/lunjobenchmark/lunjobenchmark/test_semantic/f1ap_rel18.6_specs ran
    2.64 ± 0.08 times faster than D:/a/lunjobenchmark/lunjobenchmark/zig-out/bin/voltcc.exe --syntaxcheck --no-warnings --dir D:/a/lunjobenchmark/lunjobenchmark/test_semantic/f1ap_rel18.6_specs

==> test_semantic/ngap_rel18.6_specs
Benchmark 1: D:/a/lunjobenchmark/lunjobenchmark/zig-out/bin/voltcc.exe --parse-only --no-warnings --dir D:/a/lunjobenchmark/lunjobenchmark/test_semantic/ngap_rel18.6_specs
  Time (mean ± σ):      30.5 ms ±   0.1 ms    [User: 12.5 ms, System: 9.4 ms]
  Range (min … max):    30.3 ms …  30.6 ms    5 runs
 
Benchmark 2: D:/a/lunjobenchmark/lunjobenchmark/zig-out/bin/voltcc.exe --syntaxcheck --no-warnings --dir D:/a/lunjobenchmark/lunjobenchmark/test_semantic/ngap_rel18.6_specs
  Time (mean ± σ):      75.1 ms ±   2.5 ms    [User: 62.5 ms, System: 9.4 ms]
  Range (min … max):    73.2 ms …  78.3 ms    5 runs
 
  Warning: Statistical outliers were detected. Consider re-running this benchmark on a quiet system without any interferences from other programs. It might help to use the '--warmup' or '--prepare' options.
 
Summary
  D:/a/lunjobenchmark/lunjobenchmark/zig-out/bin/voltcc.exe --parse-only --no-warnings --dir D:/a/lunjobenchmark/lunjobenchmark/test_semantic/ngap_rel18.6_specs ran
    2.47 ± 0.08 times faster than D:/a/lunjobenchmark/lunjobenchmark/zig-out/bin/voltcc.exe --syntaxcheck --no-warnings --dir D:/a/lunjobenchmark/lunjobenchmark/test_semantic/ngap_rel18.6_specs

==> test_semantic/lteNRRCC
Benchmark 1: D:/a/lunjobenchmark/lunjobenchmark/zig-out/bin/voltcc.exe --parse-only --no-warnings --dir D:/a/lunjobenchmark/lunjobenchmark/test_semantic/lteNRRCC
  Time (mean ± σ):     101.2 ms ±   1.5 ms    [User: 87.5 ms, System: 9.4 ms]
  Range (min … max):    99.9 ms … 103.7 ms    5 runs
 
Benchmark 2: D:/a/lunjobenchmark/lunjobenchmark/zig-out/bin/voltcc.exe --syntaxcheck --no-warnings --dir D:/a/lunjobenchmark/lunjobenchmark/test_semantic/lteNRRCC
  Time (mean ± σ):     126.4 ms ±   2.3 ms    [User: 109.4 ms, System: 15.6 ms]
  Range (min … max):   124.2 ms … 129.0 ms    5 runs
 
Summary
  D:/a/lunjobenchmark/lunjobenchmark/zig-out/bin/voltcc.exe --parse-only --no-warnings --dir D:/a/lunjobenchmark/lunjobenchmark/test_semantic/lteNRRCC ran
    1.25 ± 0.03 times faster than D:/a/lunjobenchmark/lunjobenchmark/zig-out/bin/voltcc.exe --syntaxcheck --no-warnings --dir D:/a/lunjobenchmark/lunjobenchmark/test_semantic/lteNRRCC

